// Jest Snapshot v1, https://goo.gl/fbAQLP

exports[`Router component Matches the snapshot 1`] = `
Array [
  <div
    className="sc-AxirZ dDKSas"
  >
    <div
      className="sc-AxiKw iJSnil"
    >
      <a
        href="/"
        onClick={[Function]}
      >
        Spendlytime
        <small
          className="sc-AxhUy hqhIHq"
        >
          .com
        </small>
      </a>
    </div>
    <nav
      className="sc-AxgMl fcSAsy"
    >
      <div
        className="sc-AxheI jlStKx"
      >
        <a
          href="/timer/"
          onClick={[Function]}
        >
          Timer
        </a>
        <a
          href="/profile/"
          onClick={[Function]}
        >
          Profil
        </a>
      </div>
    </nav>
    <div
      className="sc-AxmLO jXCuTm"
    >
      <div
        className="sc-fzozJi knZkxj"
      >
        <div
          className="sc-fzoLsD dFOuNF"
        >
          <div
            className="sc-fzpans fgNXnI"
          />
          <p
            className="sc-fzplWN DiCyT"
          >
            michalgolda@vp.pl
          </p>
        </div>
      </div>
      <p
        className="sc-fznyAO lmLjiP"
      >
        â’¸ 2020 SpendlyTime
      </p>
    </div>
  </div>,
  <div
    className="sc-AxjAm eMabRX"
  />,
]
`;
