// Jest Snapshot v1, https://goo.gl/fbAQLP

exports[`Route component Matches the snapshot 1`] = `null`;
